// Jest Snapshot v1, https://goo.gl/fbAQLP

exports[`<HomeContainer /> tests should render and match the snapshot 1`] = `
<body>
  <div>
    <div
      class="HomeContainer__Container-l0s8pp-1 eLjtlX"
    >
      <div
        class="ant-card ant-card-bordered HomeContainer__CustomCard-l0s8pp-0 etQjAO"
        maxwidth="500"
      >
        <div
          class="ant-card-head"
        >
          <div
            class="ant-card-head-wrapper"
          >
            <div
              class="ant-card-head-title"
            >
              Access Denied
            </div>
          </div>
        </div>
        <div
          class="ant-card-body"
        >
          <button
            class="ant-btn ant-btn-primary"
            type="button"
          >
            <p
              class="T__StyledText-gjlic1-0 cbAvsY"
              data-testid="t"
            >
              Log In
            </p>
          </button>
        </div>
      </div>
    </div>
  </div>
</body>
`;
